Component: ARM Compiler 6.15 Tool: armlink [5dd79300]

==============================================================================

Section Cross References

    test.o(RESET) refers to test.o(STACK) for StackMem
    test.o(RESET) refers to test.o(.text) for Reset_Handler
    test.o(.text) refers to test.o(Texts) for TEX1
    test.o(.text) refers to test.o(Strings) for String1


==============================================================================

Image Symbol Table

    Local Symbols

    Symbol Name                              Value     Ov Type        Size  Object(Section)

    Test.s                                   0x00000000   Number         0  test.o ABSOLUTE
    RESET                                    0x00000000   Section        8  test.o(RESET)
    .text                                    0x00000008   Section      256  test.o(.text)
    TO_SMALL                                 0x0000004b   Thumb Code    38  test.o(.text)
    Count_Common                             0x00000071   Thumb Code    88  test.o(.text)
    Encrypt                                  0x000000c9   Thumb Code    28  test.o(.text)
    String1                                  0x00000108   Data          12  test.o(Strings)
    Strings                                  0x00000108   Section       22  test.o(Strings)
    String2                                  0x00000114   Data          10  test.o(Strings)
    TEX1                                     0x20000000   Data          20  test.o(Texts)
    Texts                                    0x20000000   Section       83  test.o(Texts)
    TEX2                                     0x20000014   Data          20  test.o(Texts)
    Count1                                   0x20000028   Data           1  test.o(Texts)
    Count2                                   0x20000029   Data           1  test.o(Texts)
    COMMON                                   0x2000002a   Data           1  test.o(Texts)
    ENCRYPT1                                 0x2000002b   Data          20  test.o(Texts)
    ENCRYPT2                                 0x2000003f   Data          20  test.o(Texts)
    StackMem                                 0x20000058   Data         256  test.o(STACK)
    STACK                                    0x20000058   Section      256  test.o(STACK)

    Global Symbols

    Symbol Name                              Value     Ov Type        Size  Object(Section)

    BuildAttributes$$THM_ISAv4$E$P$D$K$B$S$7EM$PE$A:L22UL41UL21$X:L11$S22US41US21$IEEE1$~IW$USESV6$~STKCKD$USESV7$~SHL$OSPACE$EBA8$STANDARDLIB$PRES8$EABIv2 0x00000000   Number         0  anon$$obj.o ABSOLUTE
    __Vectors                                0x00000000   Data           0  test.o(RESET)
    Reset_Handler                            0x00000009   Thumb Code     0  test.o(.text)



==============================================================================

Memory Map of the image

  Image Entry point : 0x00000009

  Load Region LR_1 (Base: 0x00000000, Size: 0x00000174, Max: 0xffffffff, ABSOLUTE)

    Execution Region ER_RO (Exec base: 0x00000000, Load base: 0x00000000, Size: 0x00000120, Max: 0xffffffff, ABSOLUTE)

    Exec Addr    Load Addr    Size         Type   Attr      Idx    E Section Name        Object

    0x00000000   0x00000000   0x00000008   Data   RO            2    RESET               test.o
    0x00000008   0x00000008   0x00000100   Code   RO            5  * .text               test.o
    0x00000108   0x00000108   0x00000016   Data   RO            3    Strings             test.o


    Execution Region ER_RW (Exec base: 0x20000000, Load base: 0x00000120, Size: 0x00000054, Max: 0xffffffff, ABSOLUTE)

    Exec Addr    Load Addr    Size         Type   Attr      Idx    E Section Name        Object

    0x20000000   0x00000120   0x00000053   Data   RW            4    Texts               test.o


    Execution Region ER_ZI (Exec base: 0x20000058, Load base: 0x00000174, Size: 0x00000100, Max: 0xffffffff, ABSOLUTE)

    Exec Addr    Load Addr    Size         Type   Attr      Idx    E Section Name        Object

    0x20000058        -       0x00000100   Zero   RW            1    STACK               test.o


==============================================================================

Image component sizes


      Code (inc. data)   RO Data    RW Data    ZI Data      Debug   Object Name

       256         36         30         83        256        544   test.o

    ----------------------------------------------------------------------
       256         36         32         84        256        544   Object Totals
         0          0          0          0          0          0   (incl. Generated)
         0          0          2          1          0          0   (incl. Padding)

    ----------------------------------------------------------------------
         0          0          0          0          0          0   Library Totals
         0          0          0          0          0          0   (incl. Padding)

    ----------------------------------------------------------------------

==============================================================================


      Code (inc. data)   RO Data    RW Data    ZI Data      Debug   

       256         36         32         84        256        544   Grand Totals
       256         36         32         84        256        544   ELF Image Totals
       256         36         32         84          0          0   ROM Totals

==============================================================================

    Total RO  Size (Code + RO Data)                  288 (   0.28kB)
    Total RW  Size (RW Data + ZI Data)               340 (   0.33kB)
    Total ROM Size (Code + RO Data + RW Data)        372 (   0.36kB)

==============================================================================

